../Core/Src/myspi.c:27:5:spi_init_master	32	static
../Core/Src/myspi.c:96:6:spi_set_dff_8bit	16	static
../Core/Src/myspi.c:106:6:spi_set_dff_16bit	16	static
../Core/Src/myspi.c:111:6:spi_write	16	static
../Core/Src/myspi.c:125:6:spi_send	16	static
../Core/Src/myspi.c:141:10:spi_read	16	static
../Core/Src/myspi.c:159:10:spi_xfer	16	static
../Core/Src/myspi.c:169:6:spi_enable_crc	16	static
../Core/Src/myspi.c:173:6:spi_disable_crc	16	static
../Core/Src/myspi.c:182:6:spi_disable_software_slave_management	16	static
../Core/Src/myspi.c:192:6:spi_enable_software_slave_management	16	static
../Core/Src/myspi.c:206:6:spi_set_nss_high	16	static
../Core/Src/myspi.c:217:6:spi_enable_tx_dma	16	static
../Core/Src/myspi.c:227:6:spi_disable_tx_dma	16	static
../Core/Src/myspi.c:238:6:spi_enable_rx_dma	16	static
../Core/Src/myspi.c:248:6:spi_disable_rx_dma	16	static
../Core/Src/myspi.c:253:6:spi_enable	16	static
../Core/Src/myspi.c:258:6:spi_set_nss_low	16	static
../Core/Src/myspi.c:263:6:spi_reset	16	static
../Core/Src/myspi.c:267:10:spi_clean_disable	24	static
../Core/Src/myspi.c:284:6:spi_set_next_tx_from_buffer	16	static
../Core/Src/myspi.c:289:6:spi_enable_ss_output	16	static
../Core/Src/myspi.c:295:6:DMAChannel3_IRQHandler	8	static
../Core/Src/myspi.c:311:6:DMAChannel5_IRQHandler	8	static
../Core/Src/myspi.c:327:6:DMAChannel2_IRQHandler	8	static
../Core/Src/myspi.c:342:6:DMAChannel4_IRQHandler	8	static
../Core/Src/myspi.c:356:6:spi1_dma_transmit	24	static
../Core/Src/myspi.c:390:6:spi1_dma_receive	24	static
../Core/Src/myspi.c:426:5:spi_dma_transceive	32	static
../Core/Src/myspi.c:487:5:spi2_dma_transceive	32	static
